// Jest Snapshot v1, https://goo.gl/fbAQLP

exports[`<WelcomeComponent /> matches snapshot 1`] = `
<div>
  <h2>
    Your Perfect Clothing Brand
  </h2>
  <div
    className="card-container"
  >
    <p>
       
      Here at RightFit we believe that fashion should be tailored to you rather than the other way around
    </p>
    <div
      className="welcome-button-container"
    >
      <p>
        Take our quiz to find which of our brand are designed for you
      </p>
      <Link
        className="welcome"
        replace={false}
        to="/profile"
      >
        <button
          className="start-quiz"
        >
          Let's find my perfect brand!
        </button>
      </Link>
    </div>
  </div>
</div>
`;
